[backblue.gif]
[fade.gif]
[index.html]
[www.novita.co.kr/index.html]
[www.novita.co.kr/assets/js/jquery-1.12.4.min.js]
[www.novita.co.kr/assets/js/jquery-ui.min.js]
[www.novita.co.kr/assets/js/common_front.js]
[www.novita.co.kr/assets/js/ui.js]
[www.novita.co.kr/common/js/jquery.form.min.js]
[www.novita.co.kr/common/js/jquery.validate.min.js]
[www.novita.co.kr/common/js/vue.js]
[www.novita.co.kr/common/js/jquery.cookie.js]
[www.novita.co.kr/common/js/jstree.js]
[www.novita.co.kr/common/js/moment.min.js]
[www.novita.co.kr/common/js/moment-timezone-with-data.min.js]
[www.novita.co.kr/js/vueComponent/vue-filter.js]
[www.novita.co.kr/js/vueComponent/vue-datepicker.js]
[www.novita.co.kr/js/vueComponent/vue-telno.js]
[www.novita.co.kr/js/app/App.js]
[www.novita.co.kr/js/app/Authencation.js]
[www.novita.co.kr/assets/js/TweenMax.min.js]
[www.novita.co.kr/assets/js/swiper.min.js]
[www.novita.co.kr/assets/js/jquery.mCustomScrollbar.js]
[www.novita.co.kr/assets/images/main/find-novita-01.png]
[www.novita.co.kr/assets/images/main/find-novita-02.png]
[www.novita.co.kr/assets/images/main/find-novita-03.png]
[www.novita.co.kr/assets/images/main/find-novita-04.png]
[www.novita.co.kr/assets/images/main/find-novita-05.png]
[www.novita.co.kr/assets/images/main/find-novita-06.png]
[www.novita.co.kr/assets/images/main/find-novita-07.png]
[www.novita.co.kr/public/2022/08/4/13/44/4/10082fac-5afb-41a8-aae6-baffee94d7ea.png]
[www.novita.co.kr/public/2022/08/4/13/45/6/6a761f14-87c0-4fbe-a450-8d34c33850ef.jpg]
[www.novita.co.kr/public/2022/08/4/13/45/18/fd35f374-ec34-41b4-abde-52145a7ec4d1.jpg]
[www.novita.co.kr/public/2022/08/4/13/50/31/ba2b483e-9045-4213-b481-a1e9079d49f5.jpg]
[www.novita.co.kr/public/2022/08/5/13/46/36/f5ed4a24-b730-4a05-892d-3c7d9daa39c6.jpg]
[www.novita.co.kr/public/2022/09/19/12/29/7/0352dba8-c7bf-4761-b565-78afa7522629.jpg]
[www.novita.co.kr/public/2022/09/22/9/20/6/6b5cb7ab-80b4-43d9-84da-5cd8077c2cfb.png]
[www.novita.co.kr/public/2022/07/1/15/20/10/11baf7ee-6b25-4b31-aecf-056514fada50.jpg]
[www.novita.co.kr/public/2022/07/1/12/1/53/750b14c2-5d16-4038-b4a6-5233d5abb6df.jpg]
[www.novita.co.kr/public/2022/07/1/12/1/59/acda255a-0c22-45c2-a8ac-1bb1b7d76c03.jpg]
[www.novita.co.kr/public/2022/07/1/12/2/5/a3b1bca6-f0c9-4fc6-a0b8-ebbfae8aceb2.jpg]
[www.novita.co.kr/public/2022/07/1/21/39/2/5c78d3cb-cbc5-4f4a-850f-afacec2a7bc8.png]
[www.novita.co.kr/public/2022/08/22/17/29/48/6df3bc6a-1c22-48e6-a58d-a31a29f3e007.jpg]
[www.novita.co.kr/public/2022/07/1/21/39/11/0b2de5af-7ddf-4871-bf15-c98d05e7a923.png]
[www.novita.co.kr/public/2022/06/30/21/10/37/2c42caac-3c24-4f3f-a870-0ed3a7bcc4f8.jpg]
[www.novita.co.kr/public/2022/07/1/21/39/20/27b26847-5f51-455b-a98e-b974ddb69032.png]
[www.novita.co.kr/assets/images/main/service-img-dclean.png]
[www.novita.co.kr/assets/images/main/service-img-install.png]
[www.novita.co.kr/js/app/Footer.js]
[www.novita.co.kr/js/app/Main.js]
[www.novita.co.kr/main.html]
[www.novita.co.kr/assets/images/img-sprites.png]
[www.novita.co.kr/assets/images/common/ico-picker.png]
[www.novita.co.kr/assets/images/common/ico-notice-p.png]
[www.novita.co.kr/assets/font/NotoSans-Light.woff]
[www.novita.co.kr/assets/font/NotoSans-Medium.woff]
[www.novita.co.kr/assets/font/NotoSans-Bold.woff]
[www.novita.co.kr/assets/font/KumbhSans-Light.woff]
[www.novita.co.kr/assets/font/KumbhSans-Medium.woff]
[www.novita.co.kr/assets/font/KumbhSans-Bold.woff]
[www.novita.co.kr/assets/images/common/component_illust.png]
[www.novita.co.kr/assets/images/common/ico-range-24.png]
[www.novita.co.kr/assets/images/common/ico-search-white-14.png]
[www.novita.co.kr/assets/images/common/ico-shine-42.png]
[www.novita.co.kr/assets/images/common/ico-above-white.png]
[www.novita.co.kr/assets/images/common/edge-text-box.png]
[www.novita.co.kr/assets/images/event/bg-live-banner.jpg]
[www.novita.co.kr/assets/images/common/ico-plus-dash.png]
[www.novita.co.kr/assets/images/event/ico-vip.png]
[www.novita.co.kr/assets/images/event/ico-member.png]
[www.novita.co.kr/assets/images/event/ico-member-buy.png]
[www.novita.co.kr/assets/images/event/join-how-desc.png]
[www.novita.co.kr/assets/images/event/join-how-member.png]
[www.novita.co.kr/assets/images/event/bg-circle-step.png]
[www.novita.co.kr/assets/images/event/join-how-buy.png]
[www.novita.co.kr/assets/images/event/join-how-regist.png]
[www.novita.co.kr/assets/images/event/coupon-vip.png]
[www.novita.co.kr/assets/images/event/coupon-vip-isdown.png]
[www.novita.co.kr/assets/images/event/coupon-vip-isdown-after.png]
[www.novita.co.kr/assets/images/common/dclean-coupon.png]
[www.novita.co.kr/assets/images/common/ico-check-big.png]
[www.novita.co.kr/assets/images/common/ico-arr-dir.png]
[www.novita.co.kr/assets/images/common/ico-search-etc-28.png]
[www.novita.co.kr/assets/images/common/ico-clock.png]
[www.novita.co.kr/assets/images/common/ico-card.png]
[www.novita.co.kr/assets/images/service/ico-dclean-01.png]
[www.novita.co.kr/assets/images/service/ico-dclean-02.png]
[www.novita.co.kr/assets/images/service/ico-dclean-03.png]
[www.novita.co.kr/assets/images/service/ico-dclean-04.png]
[www.novita.co.kr/assets/images/footer/bg-waytocome-01.jpg]
[www.novita.co.kr/assets/images/main/bg-review.png]
[www.novita.co.kr/assets/images/main/brandstory-img.jpg]
[www.novita.co.kr/assets/images/main/customer-ico.png]
[www.novita.co.kr/assets/images/main/main-pop-arrow.png]
[www.novita.co.kr/assets/images/login/naver.png]
[www.novita.co.kr/assets/images/login/kakao.png]
[www.novita.co.kr/assets/images/login/ico-id-search.png]
[www.novita.co.kr/assets/images/common/ico-necessary.png]
[www.novita.co.kr/assets/images/common/ico-notice.png]
[www.novita.co.kr/assets/images/common/ico-minus-24.png]
[www.novita.co.kr/assets/images/common/ico-plus-24.png]
[www.novita.co.kr/assets/images/checkout/ico-nodata.png]
[www.novita.co.kr/assets/images/checkout/ico-complete.png]
[www.novita.co.kr/assets/images/login/ico-link.png]
[www.novita.co.kr/assets/images/checkout/ico-notice.png]
[www.novita.co.kr/assets/images/checkout/ico-x.png]
[www.novita.co.kr/assets/images/checkout/ico-delete.png]
[www.novita.co.kr/assets/images/checkout/ico-gift.png]
[www.novita.co.kr/assets/images/checkout/bg-detail.png]
[www.novita.co.kr/assets/images/common/ico-check-off.png]
[www.novita.co.kr/assets/images/common/ico-check-active.png]
[www.novita.co.kr/assets/images/novita/ico-nodata.png]
[www.novita.co.kr/assets/images/novita/ico-play.png]
[www.novita.co.kr/assets/images/novita/brand-img1.png]
[www.novita.co.kr/assets/images/login/ico-link-w.png]
[www.novita.co.kr/assets/images/mypage/ico-coupon.png]
[www.novita.co.kr/assets/images/mypage/ico-level.png]
[www.novita.co.kr/assets/images/mypage/ico-receipt.png]
[www.novita.co.kr/assets/images/mypage/ico-complete.png]
[www.novita.co.kr/assets/images/mypage/ico-cancel.png]
[www.novita.co.kr/assets/images/mypage/ico-sprite.png]
[www.novita.co.kr/assets/images/mypage/ico-minus.png]
[www.novita.co.kr/assets/images/mypage/ico-equal.png]
[www.novita.co.kr/assets/images/checkout/ico-notice-black.png]
[www.novita.co.kr/assets/images/mypage/ico-confirm.png]
[www.novita.co.kr/assets/images/mypage/ico-coupon-bg.png]
[www.novita.co.kr/assets/images/mypage/ico-coupon-bg-gray.png]
[www.novita.co.kr/assets/images/mypage/ico-download-complet.png]
[www.novita.co.kr/assets/images/mypage/ico-answer.png]
[www.novita.co.kr/assets/images/mypage/ico-kakao2.png]
[www.novita.co.kr/assets/images/mypage/ico-naver2.png]
[www.novita.co.kr/assets/images/mypage/ico-naver.png]
[www.novita.co.kr/assets/images/mypage/ico-kakao.png]
[www.novita.co.kr/assets/images/etc/ico-etc.png]
[www.novita.co.kr/assets/images/etc/ico-workout.png]
[www.novita.co.kr/assets/images/mypage/ico-search.png]
[www.novita.co.kr/assets/images/mypage/bg-upload-btn.png]
[www.novita.co.kr/assets/images/mypage/ico-delete.png]
[www.novita.co.kr/assets/images/checkout/ico-add.png]
[www.novita.co.kr/assets/images/common/ico-error.png]
[www.novita.co.kr/assets/images/common/ico-complete.png]
[www.novita.co.kr/assets/images/temp/sec9-ico1.png]
[www.novita.co.kr/assets/images/temp/sec9-ico2.png]
[www.novita.co.kr/assets/images/footer/sec3-company-img1.png]
[www.novita.co.kr/assets/images/footer/sec5-company-bg.png]
[www.novita.co.kr/assets/images/footer/sec5-title-bg.png]
[www.novita.co.kr/assets/images/footer/sec7-company-bg.png]
[www.novita.co.kr/assets/images/novita/brand-img2.png]
[www.novita.co.kr/assets/images/novita/slider-arrow.png]
[www.novita.co.kr/assets/images/novita/slider-arrow-disabled.png]
[www.novita.co.kr/assets/images/novita/brand-img4.png]
[www.novita.co.kr/assets/images/novita/brand-sec5-ico01.png]
[www.novita.co.kr/assets/images/novita/brand-sec5-ico02.png]
[www.novita.co.kr/assets/images/novita/brand-sec5-ico03.png]
[www.novita.co.kr/assets/images/novita/brand-sec5-ico04.png]
[www.novita.co.kr/assets/images/novita/brand-sec5-ico05.png]
[www.novita.co.kr/assets/images/novita/brand-sec6-img01.png]
[www.novita.co.kr/assets/images/novita/brand-sec6-img02.png]
[www.novita.co.kr/assets/images/novita/brand-sec6-img03.png]
[www.novita.co.kr/assets/images/novita/brand-sec7-img.png]
[www.novita.co.kr/assets/css/default.css]
[www.novita.co.kr/images/loading.svg]
[www.googletagmanager.com/gtm5445.html]
[cdn-www.novita.co.kr/Novita_Innovation/Novita_01.gif]
[cdn-www.novita.co.kr/Novita_Innovation/Novita_02.gif]
[cdn-www.novita.co.kr/Novita_Innovation/Novita_03.gif]
[cdn-www.novita.co.kr/Novita_Innovation/Novita_04.gif]
[cdn-www.novita.co.kr/Novita_Innovation/Novita_05.gif]
[www.novita.co.kr/assets/images/novita/brand-img3.png]
[www.novita.co.kr/assets/images/novita/brand-novita-logo.png]
[www.novita.co.kr/novita/innovation.html]
[www.novita.co.kr/assets/images/novita/brand-img5.png]
[www.novita.co.kr/js/vueComponent/vue-pagination.js]
[www.novita.co.kr/js/sns/kakao.js]
[www.novita.co.kr/js/app/NovitaAdList.js]
[www.novita.co.kr/novita/ad-list.html]
[www.novita.co.kr/assets/images/footer/sec5-slide-img1.png]
[www.novita.co.kr/assets/images/footer/sec8-company-img1.png]
[www.novita.co.kr/assets/images/footer/sec9-company-img1.png]
[www.novita.co.kr/assets/images/footer/sec9-company-img2.png]
[www.novita.co.kr/info/company.html]
[www.novita.co.kr/public/2022/06/27/19/57/44/92fbeb2a-894e-4085-8533-d8ecc6c5b818.jpg]
[www.novita.co.kr/js/app/ProductCategoryCtgrySn.js]
[www.novita.co.kr/product-category/20000000016.html]
[www.novita.co.kr/product-category/20000000010.html]
[www.novita.co.kr/public/2022/06/10/15/32/18/11ac93e0-dfd1-4347-807f-855011431407.jpg]
[www.novita.co.kr/public/2022/06/24/14/8/48/09a6732a-2693-4b3c-afe0-53732af27a23.jpg]
[www.novita.co.kr/product-category/20000000011.html]
[www.novita.co.kr/product-category/20000000004.html]
[www.novita.co.kr/public/2022/06/24/14/9/9/f0ccbca5-98b1-48fa-9f1f-ba59ae24ba5b.jpg]
[www.novita.co.kr/public/2022/06/27/19/58/2/b2e1d2d6-c259-489e-83d1-d9004e7b8222.jpg]
[www.novita.co.kr/product-category/20000000015.html]
[www.novita.co.kr/product-category/20000000014.html]
[www.novita.co.kr/public/2022/06/29/10/4/25/0127dd61-ee3f-4ecc-8877-5173c5f768c6.jpg]
[www.novita.co.kr/public/2022/06/27/19/58/28/f8e28d18-a3d4-4623-be9e-8924def3b229.jpg]
[www.novita.co.kr/product-category/20000000005.html]
[www.novita.co.kr/product-filter.html]
[www.novita.co.kr/js/app/ProductFilterList.js]
[ssl.daumcdn.net/dmaps/map_js_init/postcode.v2.js]
[www.novita.co.kr/js/vueComponent/vue-pop-coupon-select.js]
[www.novita.co.kr/js/app/DoctorcleanService.js]
[www.novita.co.kr/doctorclean-service.html]
[www.novita.co.kr/assets/images/service/service-apply-02.png]
[www.novita.co.kr/js/app/ServiceInstallation.js]
[www.novita.co.kr/service-install.html]
[www.novita.co.kr/assets/images/event/visual-vip.jpg]
[www.novita.co.kr/assets/images/temp/event-03.png]
[www.novita.co.kr/js/app/EventVipView.js]
[www.novita.co.kr/event/vip.html]
[www.novita.co.kr/assets/images/temp/event-01.png]
[www.novita.co.kr/assets/images/temp/event-02.png]
[www.novita.co.kr/js/app/EventLiveList.js]
[www.novita.co.kr/event/live/list.html]
[www.novita.co.kr/event/list.html]
[www.novita.co.kr/js/app/EventList.js]
[www.novita.co.kr/customer-center/as-application-main.html]
[www.novita.co.kr/customer-center/notice-bbs-list.html]
[www.novita.co.kr/js/app/NoticeBbsList.js]
[www.novita.co.kr/customer-center/faq-bbs-list.html]
[www.novita.co.kr/js/app/FaqBbsList.js]
[www.novita.co.kr/customer-center/inquiry-main.html]
[www.novita.co.kr/customer-center/productRegist-main.html]
[www.novita.co.kr/js/app/MapHelper.js]
[www.novita.co.kr/js/app/AgentBbsList.js]
[www.novita.co.kr/customer-center/agent-bbs-list.html]
[www.novita.co.kr/customer-center/user-manual-list.html]
[www.novita.co.kr/js/app/UserManualList.js]
[developers.kakao.com/sdk/js/kakao.js]
[www.novita.co.kr/login.html]
[www.novita.co.kr/js/app/Login.js]
[www.novita.co.kr/js/app/Cart.js]
[www.novita.co.kr/cart.html]
[www.novita.co.kr/search.html]
[www.novita.co.kr/js/app/Search.js]
[www.novita.co.kr/myinfo/form.html]
[www.novita.co.kr/js/app/EventView.js]
[www.novita.co.kr/event/view/20000000252.html]
[www.novita.co.kr/event/view/20000000251.html]
[www.novita.co.kr/js/app/ProductPrductSn.js]
[www.novita.co.kr/product/20000000011.html]
[www.novita.co.kr/product/20000000039.html]
[www.novita.co.kr/info/privacy-policy.html]
[www.novita.co.kr/js/app/FtCntntsList.js]
[www.novita.co.kr/info/terms-of-use.html]
[www.novita.co.kr/info/cookie_disclosure.html]
[www.novita.co.kr/info/privacy-policy2.html]
[www.novita.co.kr/info/fs-list.html]
[www.novita.co.kr/js/app/FSList.js]
[www.novita.co.kr/assets/images/common/ico-sprites.svg]
[www.novita.co.kr/assets/images/common/ico-product-function.svg]
[www.novita.co.kr/assets/css/mCSB_buttons.html]
[www.novita.co.kr/assets/images/common/ico-gift-coupon.svg]
[www.novita.co.kr/assets/images/mypage/ico-arrow.svg]
[www.novita.co.kr/assets/images/mypage/kakao-on.svg]
[www.novita.co.kr/assets/images/mypage/kakao-off.svg]
[www.novita.co.kr/assets/images/mypage/naver-on.svg]
[www.novita.co.kr/assets/images/common/ico-prd-arrow-on.svg]
[www.novita.co.kr/assets/images/common/ico-prd-arrow.svg]
[www.novita.co.kr/assets/images/temp/type2/sec12-arrow.svg]
[www.novita.co.kr/assets/images/common/ico-plus-13.svg]
[www.novita.co.kr/assets/images/common/ico-minus-13.svg]
[www.novita.co.kr/assets/images/footer/sec9-company-ico1.svg]
[www.novita.co.kr/assets/images/footer/sec9-company-ico2.svg]
[www.novita.co.kr/public.html]
[www.novita.co.kr/customer-center/as-application-form.html]
[www.novita.co.kr/js/app/ASApplicationForm.js]
[www.novita.co.kr/login413e.html]
[www.novita.co.kr/customer-center/inquiry-form.html]
[www.novita.co.kr/js/app/InQuiryForm.js]
[www.novita.co.kr/login8a59.html]
[www.novita.co.kr/assets/images/cs/find-bidet-model-01.jpg]
[www.novita.co.kr/assets/images/cs/find-bidet-model-02.jpg]
[www.novita.co.kr/js/app/ProductRegistForm.js]
[www.novita.co.kr/customer-center/productRegist-form.html]
[www.novita.co.kr/login5827.html]
[www.novita.co.kr/assets/images/login/logo.svg]
[www.novita.co.kr/common/js/common.js]
[www.novita.co.kr/order-lookup.html]
[www.novita.co.kr/account/find-id.html]
[www.novita.co.kr/account/reset-password.html]
[www.novita.co.kr/js/app/JoinAgreement.js]
[www.novita.co.kr/join/agreement.html]
[www.novita.co.kr/loginf419.html]
[www.novita.co.kr/event/view.html]
[www.novita.co.kr/product/20000000061.html]
[www.novita.co.kr/assets/images/common/gift-coupon-img.svg]
